LZES01000084.1	0.114916
LZES01000048.1	0.251309
LZES01000078.1	0.271485
LZES01000080.1	0.309903
LZES01000047.1	0.337292
LZES01000052.1	0.344552
LZES01000029.1	0.362605
LZES01000068.1	0.38201
LZES01000074.1	0.393436
LZES01000081.1	0.397368
LZES01000067.1	0.399882
LZES01000031.1	0.401433
LZES01000065.1	0.449892
LZES01000059.1	0.458514
LZES01000071.1	0.471993
LZES01000050.1	0.501939
LZES01000027.1	0.519279
LZES01000018.1	0.528478
LZES01000039.1	0.537056
LZES01000003.1	0.545155
LZES01000025.1	0.552069
LZES01000043.1	0.560722
LZES01000014.1	0.564971
LZES01000055.1	0.577859
LZES01000037.1	0.589937
LZES01000021.1	0.596849
LZES01000044.1	0.60443
LZES01000061.1	0.613323
LZES01000032.1	0.631603
LZES01000009.1	0.635789
LZES01000056.1	0.657119
LZES01000033.1	0.671964
LZES01000015.1	0.672722
LZES01000038.1	0.686364
LZES01000077.1	0.698867
LZES01000022.1	0.73394
LZES01000058.1	0.776681
LZES01000045.1	0.801486
LZES01000072.1	0.959746
LZES01000076.1	1.06727
LZES01000005.1	1.1897
LZES01000010.1	1.80762
